// Jest Snapshot v1, https://goo.gl/fbAQLP

exports[`<Contact / > snapshots default render 1`] = `
Array [
  <h1>
    CONTACT
  </h1>,
  <h2>
    Want to get in touch? We'd love to hear from you. Here's how you can contact us.
  </h2>,
  <article
    className="contact-article"
  >
    <section>
      <img
        alt=""
        src="assets"
      />
      <div
        style={
          Object {
            "fontWeight": "bold",
          }
        }
      >
        Talk to us
      </div>
      <div>
        Do you have any questions, or you want to call delivery by phone?
        <br />
        Just pick up the phone to call us for more information.
      </div>
      <div>
        Hotline: 
        <a
          href="tel:19002707"
        >
          1900-2707
        </a>
      </div>
    </section>
    <section>
      <img
        alt=""
        src="assets"
      />
      <div
        style={
          Object {
            "fontWeight": "bold",
          }
        }
      >
        Chat with us
      </div>
      <div>
        Do you have any questions, or you want to notify about new promotion?
        <br />
        Just like our Facebook fanpage or chat with us on Facebook.
      </div>
      <div>
        Join our fanpage
         
        <a
          href="https://www.facebook.com/pycozza"
          rel="noopener noreferrer"
          target="_blank"
        >
          here
        </a>
        .
      </div>
    </section>
  </article>,
]
`;
