// Jest Snapshot v1, https://goo.gl/fbAQLP

exports[`<LoadingPage / > snapshots default render 1`] = `
<div
  className="loading-page"
>
  <div
    className="loading-text"
  >
    Loading...
  </div>
  <div
    className="loader"
  />
</div>
`;
