// Jest Snapshot v1, https://goo.gl/fbAQLP

exports[`<Spinner / > snapshots default render 1`] = `
<div
  className="loading-page"
>
  <div
    className="loader"
    style={
      Object {
        "borderTopColor": "purple",
      }
    }
  />
</div>
`;
